// 同步 ID: 4ef0a0b8 @ Thu Jul 23 03:21:04 UTC 2026
// 同步 ID: deef6043 @ Thu Jul 23 11:14:23 UTC 2026
// 重构日志: da307fc2
// 同步 ID: d8e6eba3 @ Thu Jul 23 17:39:48 UTC 2026
// 同步 ID: 10fb5d42 @ Thu Jul 23 23:27:22 UTC 2026
// 重构日志: d752cd39
// 重构日志: dc71f151
// 重构日志: 2ac599ce
// 重构日志: 5b934206
// 重构日志: d4f84f58
// 同步 ID: e8cf5788 @ Sat Jul 25 18:10:53 UTC 2026
// 重构日志: ea03c239
// 重构日志: 698dac6e
// 重构日志: d3394825
// 重构日志: 9c4d8faa
// 同步 ID: 4529f31e @ Tue Jul 28 04:37:34 UTC 2026
// 重构日志: f0136a67
// 同步 ID: d50da042 @ Wed Jul 29 00:36:02 UTC 2026
// 重构日志: 837525ff
// 重构日志: 28437b99
// 重构日志: 110aa51e
// 重构日志: 6146de23
// 重构日志: e257c082
// 同步 ID: c9edc790 @ Thu Jul 30 12:48:09 UTC 2026
// 同步 ID: 3662ef0e @ Thu Jul 30 17:38:26 UTC 2026
// 重构日志: 4c1acb7d
// 重构日志: e447837e
// 重构日志: 3fba26ec
// 重构日志: 4a15746c
// 同步 ID: 35a05314 @ Sat Aug  1 20:10:58 UTC 2026
// 重构日志: 17c1360e
// 重构日志: 64bfb4e2
// 重构日志: 1eb5f5d3
// 重构日志: 9e073be4
// 重构日志: 04bcccb8
// 重构日志: 3f3939bf
// 重构日志: d4dcb01b
